[ 2026-06-04 11:14:09,274 ] 25 root - INFO - Logger initialized successfully
[ 2026-06-04 11:14:09,435 ] 13 root - INFO - Starting the training pipeline
[ 2026-06-04 11:14:09,436 ] 15 root - INFO - Entered the data ingestion method
[ 2026-06-04 11:14:09,450 ] 17 root - INFO - Dataset read successfully into dataframe
[ 2026-06-04 11:14:09,482 ] 24 root - INFO - Train test split completed
[ 2026-06-04 11:14:09,512 ] 27 root - INFO - Data ingestion completed successfully
[ 2026-06-04 11:14:09,513 ] 17 root - INFO - Data ingestion completed successfully
[ 2026-06-04 11:14:09,513 ] 27 root - INFO - Checking if train and test files exist
[ 2026-06-04 11:14:09,513 ] 38 root - INFO - Train and test files validated successfully
[ 2026-06-04 11:14:09,514 ] 45 root - INFO - Checking if datasets are empty
[ 2026-06-04 11:14:09,550 ] 56 root - INFO - Datasets are not empty
[ 2026-06-04 11:14:09,550 ] 63 root - INFO - Validating required columns
[ 2026-06-04 11:14:09,560 ] 77 root - INFO - All required columns are present
[ 2026-06-04 11:14:09,560 ] 22 root - INFO - Data validation completed successfully
[ 2026-06-04 11:14:09,560 ] 47 root - INFO - Reading train and test data
[ 2026-06-04 11:14:09,575 ] 51 root - INFO - Read train and test data completed
[ 2026-06-04 11:14:09,576 ] 52 root - INFO - Obtaining preprocessor object
[ 2026-06-04 11:14:09,576 ] 40 root - INFO - Preprocessor object created successfully
[ 2026-06-04 11:14:09,577 ] 60 root - INFO - Applying preprocessor object on training and testing data
[ 2026-06-04 11:14:09,607 ] 65 root - INFO - Saved preprocessor object
[ 2026-06-04 11:14:09,608 ] 14 root - INFO - Object saved successfully
[ 2026-06-04 11:14:09,608 ] 31 root - INFO - Data transformation completed successfully
[ 2026-06-04 11:14:09,608 ] 29 root - INFO - Splitting training and testing input data
[ 2026-06-04 11:14:11,275 ] 61 root - INFO - Model report: {'Logistic Regression': 0.26229508196721313, 'Decision Tree': 0.7540983606557377, 'Random Forest': 0.5737704918032787, 'Gradient Boosting': 0.5737704918032787, 'AdaBoost': 0.3770491803278688}
[ 2026-06-04 11:14:11,275 ] 62 root - INFO - Best model found on both training and testing dataset is Decision Tree with score 0.7540983606557377
[ 2026-06-04 11:14:11,275 ] 14 root - INFO - Object saved successfully
[ 2026-06-04 11:14:11,276 ] 34 root - INFO - Model training completed successfully with best model score: ('Decision Tree', 0.7540983606557377)
