[ 2026-06-04 12:25:06,564 ] 25 root - INFO - Logger initialized successfully
[ 2026-06-04 12:25:06,685 ] 13 root - INFO - Starting the training pipeline
[ 2026-06-04 12:25:06,685 ] 15 root - INFO - Entered the data ingestion method
[ 2026-06-04 12:25:06,700 ] 17 root - INFO - Dataset read successfully into dataframe
[ 2026-06-04 12:25:06,734 ] 24 root - INFO - Train test split completed
[ 2026-06-04 12:25:06,765 ] 27 root - INFO - Data ingestion completed successfully
[ 2026-06-04 12:25:06,766 ] 17 root - INFO - Data ingestion completed successfully
[ 2026-06-04 12:25:06,766 ] 27 root - INFO - Checking if train and test files exist
[ 2026-06-04 12:25:06,766 ] 38 root - INFO - Train and test files validated successfully
[ 2026-06-04 12:25:06,767 ] 45 root - INFO - Checking if datasets are empty
[ 2026-06-04 12:25:06,804 ] 56 root - INFO - Datasets are not empty
[ 2026-06-04 12:25:06,805 ] 63 root - INFO - Validating required columns
[ 2026-06-04 12:25:06,815 ] 77 root - INFO - All required columns are present
[ 2026-06-04 12:25:06,815 ] 22 root - INFO - Data validation completed successfully
[ 2026-06-04 12:25:06,815 ] 47 root - INFO - Reading train and test data
[ 2026-06-04 12:25:06,829 ] 51 root - INFO - Read train and test data completed
[ 2026-06-04 12:25:06,829 ] 52 root - INFO - Obtaining preprocessor object
[ 2026-06-04 12:25:06,829 ] 40 root - INFO - Preprocessor object created successfully
[ 2026-06-04 12:25:06,830 ] 60 root - INFO - Applying preprocessor object on training and testing data
[ 2026-06-04 12:25:06,859 ] 65 root - INFO - Saved preprocessor object
[ 2026-06-04 12:25:06,859 ] 26 root - INFO - Object saved successfully
[ 2026-06-04 12:25:06,860 ] 31 root - INFO - Data transformation completed successfully
[ 2026-06-04 12:25:06,860 ] 36 root - INFO - Splitting training and testing data
[ 2026-06-04 12:25:06,860 ] 96 root - INFO - Starting hyperparameter tuning for Logistic Regression
[ 2026-06-04 12:25:10,267 ] 150 root - INFO - Logistic Regression Best Params: {'solver': 'liblinear', 'class_weight': 'balanced', 'C': 10}
[ 2026-06-04 12:25:10,267 ] 154 root - INFO - Logistic Regression Precision: 0.1275
[ 2026-06-04 12:25:10,268 ] 158 root - INFO - Logistic Regression Recall: 0.8525
[ 2026-06-04 12:25:10,268 ] 162 root - INFO - Logistic Regression F1 Score: 0.2217
[ 2026-06-04 12:25:10,268 ] 167 root - INFO - Logistic Regression ROC AUC: 0.9011
[ 2026-06-04 12:25:10,268 ] 96 root - INFO - Starting hyperparameter tuning for Decision Tree
[ 2026-06-04 12:25:10,508 ] 150 root - INFO - Decision Tree Best Params: {'min_samples_split': 2, 'max_depth': None, 'criterion': 'entropy', 'class_weight': 'balanced'}
[ 2026-06-04 12:25:10,509 ] 154 root - INFO - Decision Tree Precision: 0.7170
[ 2026-06-04 12:25:10,509 ] 158 root - INFO - Decision Tree Recall: 0.6230
[ 2026-06-04 12:25:10,509 ] 162 root - INFO - Decision Tree F1 Score: 0.6667
[ 2026-06-04 12:25:10,509 ] 167 root - INFO - Decision Tree ROC AUC: 0.8076
[ 2026-06-04 12:25:10,509 ] 96 root - INFO - Starting hyperparameter tuning for Random Forest
[ 2026-06-04 12:25:15,273 ] 150 root - INFO - Random Forest Best Params: {'n_estimators': 100, 'min_samples_split': 5, 'max_depth': 20, 'class_weight': 'balanced'}
[ 2026-06-04 12:25:15,273 ] 154 root - INFO - Random Forest Precision: 0.5342
[ 2026-06-04 12:25:15,273 ] 158 root - INFO - Random Forest Recall: 0.6393
[ 2026-06-04 12:25:15,273 ] 162 root - INFO - Random Forest F1 Score: 0.5821
[ 2026-06-04 12:25:15,273 ] 167 root - INFO - Random Forest ROC AUC: 0.9563
[ 2026-06-04 12:25:15,273 ] 96 root - INFO - Starting hyperparameter tuning for Gradient Boosting
[ 2026-06-04 12:25:27,824 ] 150 root - INFO - Gradient Boosting Best Params: {'n_estimators': 200, 'max_depth': 7, 'learning_rate': 0.05}
[ 2026-06-04 12:25:27,824 ] 154 root - INFO - Gradient Boosting Precision: 0.7800
[ 2026-06-04 12:25:27,824 ] 158 root - INFO - Gradient Boosting Recall: 0.6393
[ 2026-06-04 12:25:27,824 ] 162 root - INFO - Gradient Boosting F1 Score: 0.7027
[ 2026-06-04 12:25:27,824 ] 167 root - INFO - Gradient Boosting ROC AUC: 0.9688
[ 2026-06-04 12:25:27,825 ] 96 root - INFO - Starting hyperparameter tuning for AdaBoost
[ 2026-06-04 12:25:31,800 ] 150 root - INFO - AdaBoost Best Params: {'n_estimators': 200, 'learning_rate': 1.0}
[ 2026-06-04 12:25:31,800 ] 154 root - INFO - AdaBoost Precision: 0.6923
[ 2026-06-04 12:25:31,800 ] 158 root - INFO - AdaBoost Recall: 0.4426
[ 2026-06-04 12:25:31,800 ] 162 root - INFO - AdaBoost F1 Score: 0.5400
[ 2026-06-04 12:25:31,800 ] 167 root - INFO - AdaBoost ROC AUC: 0.9518
[ 2026-06-04 12:25:31,800 ] 77 root - INFO - Model Report: {'Logistic Regression': {'precision': 0.12745098039215685, 'recall': 0.8524590163934426, 'f1_score': 0.22174840085287847, 'roc_auc': 0.9011320690908783}, 'Decision Tree': {'precision': 0.7169811320754716, 'recall': 0.6229508196721312, 'f1_score': 0.6666666666666666, 'roc_auc': 0.807607436654013}, 'Random Forest': {'precision': 0.5342465753424658, 'recall': 0.639344262295082, 'f1_score': 0.582089552238806, 'roc_auc': 0.956289789396258}, 'Gradient Boosting': {'precision': 0.78, 'recall': 0.639344262295082, 'f1_score': 0.7027027027027027, 'roc_auc': 0.9687814404923951}, 'AdaBoost': {'precision': 0.6923076923076923, 'recall': 0.4426229508196721, 'f1_score': 0.54, 'roc_auc': 0.9518257678877908}}
[ 2026-06-04 12:25:31,800 ] 81 root - INFO - Best Parameters: {'Logistic Regression': {'solver': 'liblinear', 'class_weight': 'balanced', 'C': 10}, 'Decision Tree': {'min_samples_split': 2, 'max_depth': None, 'criterion': 'entropy', 'class_weight': 'balanced'}, 'Random Forest': {'n_estimators': 100, 'min_samples_split': 5, 'max_depth': 20, 'class_weight': 'balanced'}, 'Gradient Boosting': {'n_estimators': 200, 'max_depth': 7, 'learning_rate': 0.05}, 'AdaBoost': {'n_estimators': 200, 'learning_rate': 1.0}}
[ 2026-06-04 12:25:31,800 ] 103 root - INFO - Best Model: Gradient Boosting
[ 2026-06-04 12:25:31,800 ] 107 root - INFO - Best F1 Score: 0.7027
[ 2026-06-04 12:25:31,800 ] 111 root - INFO - Best ROC-AUC Score: 0.9688
[ 2026-06-04 12:25:31,806 ] 26 root - INFO - Object saved successfully
[ 2026-06-04 12:25:31,806 ] 120 root - INFO - Best model saved successfully
[ 2026-06-04 12:25:31,807 ] 34 root - INFO - Model training completed successfully with best model score: ('Gradient Boosting', 0.7027027027027027)
