[ 2026-06-04 11:04:05,257 ] 25 root - INFO - Logger initialized successfully
[ 2026-06-04 11:04:05,363 ] 13 root - INFO - Starting the training pipeline
[ 2026-06-04 11:04:05,363 ] 15 root - INFO - Entered the data ingestion method
[ 2026-06-04 11:04:05,376 ] 17 root - INFO - Dataset read successfully into dataframe
[ 2026-06-04 11:04:05,409 ] 24 root - INFO - Train test split completed
[ 2026-06-04 11:04:05,443 ] 27 root - INFO - Data ingestion completed successfully
[ 2026-06-04 11:04:05,444 ] 17 root - INFO - Data ingestion completed successfully
[ 2026-06-04 11:04:05,444 ] 27 root - INFO - Checking if train and test files exist
[ 2026-06-04 11:04:05,444 ] 38 root - INFO - Train and test files validated successfully
[ 2026-06-04 11:04:05,445 ] 45 root - INFO - Checking if datasets are empty
[ 2026-06-04 11:04:05,483 ] 56 root - INFO - Datasets are not empty
[ 2026-06-04 11:04:05,483 ] 63 root - INFO - Validating required columns
[ 2026-06-04 11:04:05,493 ] 77 root - INFO - All required columns are present
[ 2026-06-04 11:04:05,493 ] 22 root - INFO - Data validation completed successfully
[ 2026-06-04 11:04:05,493 ] 47 root - INFO - Reading train and test data
[ 2026-06-04 11:04:05,507 ] 51 root - INFO - Read train and test data completed
[ 2026-06-04 11:04:05,507 ] 52 root - INFO - Obtaining preprocessor object
[ 2026-06-04 11:04:05,507 ] 40 root - INFO - Preprocessor object created successfully
[ 2026-06-04 11:04:05,508 ] 60 root - INFO - Applying preprocessor object on training and testing data
[ 2026-06-04 11:04:05,536 ] 65 root - INFO - Saved preprocessor object
[ 2026-06-04 11:04:05,537 ] 14 root - INFO - Object saved successfully
[ 2026-06-04 11:04:05,537 ] 31 root - INFO - Data transformation completed successfully
